
> parivartan-crm@0.0.0 build
> vite build

[36mvite v6.4.1 [32mbuilding for production...[36m[39m
transforming...
[32mΓ£ô[39m 1039 modules transformed.
node.exe : 
[31mΓ£ù[39m 
Build failed in 
8.09s
At C:\Users\Tejaa
aa\AppData\Roamin
g\npm\npm.ps1:24 
char:5
+     & 
"node$exe"  "$bas
edir/node_modules
/npm/bin/npm-cli.
js" $args
+     ~~~~~~~~~~~
~~~~~~~~~~~~~~~~~
~~~~~~~~~~~~~~~~~
~~~~~~~~~~~~~~~~~
    + CategoryIn 
   fo            
  : NotSpecifi   
 ed: ([31mΓ£    
ù[39m Build     
failed in 8    
.09s:String)     
[], RemoteE    
xception
    + FullyQuali 
   fiedErrorId   
  : NativeComm   
 andError
 
[31merror 
during build:
[31mCould not 
resolve 
"./DatePicker" 
from "src/pages/p
rojects/ProjectOv
erview.jsx"[31m
file: [36mC:/Use
rs/Desktop/Pariva
rtan_CRM/src/page
s/projects/Projec
tOverview.jsx[31
m
    at 
getRollupError (f
ile:///C:/Users/D
esktop/Parivartan
_CRM/node_modules
/rollup/dist/es/s
hared/parseAst.js
:402:41)
    at error (fil
e:///C:/Users/Des
ktop/Parivartan_C
RM/node_modules/r
ollup/dist/es/sha
red/parseAst.js:3
98:42)
    at ModuleLoad
er.handleInvalidR
esolvedId (file:/
//C:/Users/Deskto
p/Parivartan_CRM/
node_modules/roll
up/dist/es/shared
/node-entry.js:21
687:24)
    at file:///C:
/Users/Desktop/Pa
rivartan_CRM/node
_modules/rollup/d
ist/es/shared/nod
e-entry.js:21647:
26[39m
